C:/Users/admin/Desktop/kopia_stm/STM32CubeU5/Projects/B-U585I-IOT02A/Applications/NetXDuo/Nx_MQTT_Client/Middlewares/ST/netxduo/nx_secure/src/nx_secure_tls_send_clienthello_extensions.c:147:6:_nx_secure_tls_send_clienthello_extensions	48	static
C:/Users/admin/Desktop/kopia_stm/STM32CubeU5/Projects/B-U585I-IOT02A/Applications/NetXDuo/Nx_MQTT_Client/Middlewares/ST/netxduo/nx_secure/src/nx_secure_tls_send_clienthello_extensions.c:334:13:_nx_secure_tls_send_clienthello_sig_extension	56	static
C:/Users/admin/Desktop/kopia_stm/STM32CubeU5/Projects/B-U585I-IOT02A/Applications/NetXDuo/Nx_MQTT_Client/Middlewares/ST/netxduo/nx_secure/src/nx_secure_tls_send_clienthello_extensions.c:416:6:_nx_secure_tls_get_signature_algorithm	32	static
C:/Users/admin/Desktop/kopia_stm/STM32CubeU5/Projects/B-U585I-IOT02A/Applications/NetXDuo/Nx_MQTT_Client/Middlewares/ST/netxduo/nx_secure/src/nx_secure_tls_send_clienthello_extensions.c:1362:13:_nx_secure_tls_send_clienthello_sni_extension	40	static
C:/Users/admin/Desktop/kopia_stm/STM32CubeU5/Projects/B-U585I-IOT02A/Applications/NetXDuo/Nx_MQTT_Client/Middlewares/ST/netxduo/nx_secure/src/nx_secure_tls_send_clienthello_extensions.c:1516:13:_nx_secure_tls_send_clienthello_sec_reneg_extension	40	static
C:/Users/admin/Desktop/kopia_stm/STM32CubeU5/Projects/B-U585I-IOT02A/Applications/NetXDuo/Nx_MQTT_Client/Middlewares/ST/netxduo/nx_secure/src/nx_secure_tls_send_clienthello_extensions.c:1689:13:_nx_secure_tls_send_clienthello_sec_spf_extensions	48	static
