C:/Users/admin/Desktop/kopia_stm/STM32CubeU5/Projects/B-U585I-IOT02A/Applications/NetXDuo/Nx_MQTT_Client/Middlewares/ST/netxduo/nx_secure/src/nx_secure_tls_process_clienthello_extensions.c:110:6:_nx_secure_tls_process_clienthello_extensions	48	static
C:/Users/admin/Desktop/kopia_stm/STM32CubeU5/Projects/B-U585I-IOT02A/Applications/NetXDuo/Nx_MQTT_Client/Middlewares/ST/netxduo/nx_secure/src/nx_secure_tls_process_clienthello_extensions.c:337:13:_nx_secure_tls_proc_clienthello_sec_reneg_extension	40	static
C:/Users/admin/Desktop/kopia_stm/STM32CubeU5/Projects/B-U585I-IOT02A/Applications/NetXDuo/Nx_MQTT_Client/Middlewares/ST/netxduo/nx_secure/src/nx_secure_tls_process_clienthello_extensions.c:505:6:_nx_secure_tls_proc_clienthello_sec_sa_extension	80	static
C:/Users/admin/Desktop/kopia_stm/STM32CubeU5/Projects/B-U585I-IOT02A/Applications/NetXDuo/Nx_MQTT_Client/Middlewares/ST/netxduo/nx_secure/src/nx_secure_tls_process_clienthello_extensions.c:1270:6:_nx_secure_tls_get_signature_algorithm_id	16	static
