C:/Users/admin/Desktop/kopia_stm/STM32CubeU5/Projects/B-U585I-IOT02A/Applications/NetXDuo/Nx_MQTT_Client/Middlewares/ST/netxduo/crypto_libraries/src/nx_crypto_ecdh.c:76:21:_nx_crypto_ecdh_key_pair_import	48	static
C:/Users/admin/Desktop/kopia_stm/STM32CubeU5/Projects/B-U585I-IOT02A/Applications/NetXDuo/Nx_MQTT_Client/Middlewares/ST/netxduo/crypto_libraries/src/nx_crypto_ecdh.c:157:6:_nx_crypto_ecdh_private_key_export	56	static
C:/Users/admin/Desktop/kopia_stm/STM32CubeU5/Projects/B-U585I-IOT02A/Applications/NetXDuo/Nx_MQTT_Client/Middlewares/ST/netxduo/crypto_libraries/src/nx_crypto_ecdh.c:254:21:_nx_crypto_ecdh_setup	104	static
C:/Users/admin/Desktop/kopia_stm/STM32CubeU5/Projects/B-U585I-IOT02A/Applications/NetXDuo/Nx_MQTT_Client/Middlewares/ST/netxduo/crypto_libraries/src/nx_crypto_ecdh.c:363:21:_nx_crypto_ecdh_compute_secret	176	static
C:/Users/admin/Desktop/kopia_stm/STM32CubeU5/Projects/B-U585I-IOT02A/Applications/NetXDuo/Nx_MQTT_Client/Middlewares/ST/netxduo/crypto_libraries/src/nx_crypto_ecdh.c:492:22:_nx_crypto_method_ecdh_init	24	static
C:/Users/admin/Desktop/kopia_stm/STM32CubeU5/Projects/B-U585I-IOT02A/Applications/NetXDuo/Nx_MQTT_Client/Middlewares/ST/netxduo/crypto_libraries/src/nx_crypto_ecdh.c:564:22:_nx_crypto_method_ecdh_cleanup	16	static
C:/Users/admin/Desktop/kopia_stm/STM32CubeU5/Projects/B-U585I-IOT02A/Applications/NetXDuo/Nx_MQTT_Client/Middlewares/ST/netxduo/crypto_libraries/src/nx_crypto_ecdh.c:638:21:_nx_crypto_method_ecdh_operation	88	static
