C:/Users/admin/Desktop/kopia_stm/STM32CubeU5/Projects/B-U585I-IOT02A/Applications/NetXDuo/Nx_MQTT_Client/Middlewares/ST/netxduo/crypto_libraries/src/nx_crypto_md5.c:138:22:_nx_crypto_md5_initialize	16	static
C:/Users/admin/Desktop/kopia_stm/STM32CubeU5/Projects/B-U585I-IOT02A/Applications/NetXDuo/Nx_MQTT_Client/Middlewares/ST/netxduo/crypto_libraries/src/nx_crypto_md5.c:209:22:_nx_crypto_md5_update	32	static
C:/Users/admin/Desktop/kopia_stm/STM32CubeU5/Projects/B-U585I-IOT02A/Applications/NetXDuo/Nx_MQTT_Client/Middlewares/ST/netxduo/crypto_libraries/src/nx_crypto_md5.c:339:22:_nx_crypto_md5_digest_calculate	40	static
C:/Users/admin/Desktop/kopia_stm/STM32CubeU5/Projects/B-U585I-IOT02A/Applications/NetXDuo/Nx_MQTT_Client/Middlewares/ST/netxduo/crypto_libraries/src/nx_crypto_md5.c:439:22:_nx_crypto_md5_process_buffer	104	static
C:/Users/admin/Desktop/kopia_stm/STM32CubeU5/Projects/B-U585I-IOT02A/Applications/NetXDuo/Nx_MQTT_Client/Middlewares/ST/netxduo/crypto_libraries/src/nx_crypto_md5.c:595:22:_nx_crypto_method_md5_init	24	static
C:/Users/admin/Desktop/kopia_stm/STM32CubeU5/Projects/B-U585I-IOT02A/Applications/NetXDuo/Nx_MQTT_Client/Middlewares/ST/netxduo/crypto_libraries/src/nx_crypto_md5.c:669:22:_nx_crypto_method_md5_cleanup	16	static
C:/Users/admin/Desktop/kopia_stm/STM32CubeU5/Projects/B-U585I-IOT02A/Applications/NetXDuo/Nx_MQTT_Client/Middlewares/ST/netxduo/crypto_libraries/src/nx_crypto_md5.c:747:22:_nx_crypto_method_md5_operation	32	static
