C:/Users/admin/Desktop/kopia_stm/STM32CubeU5/Projects/B-U585I-IOT02A/Applications/NetXDuo/Nx_MQTT_Client/Middlewares/ST/netxduo/crypto_libraries/src/nx_crypto_aes.c:456:28:_nx_crypto_aes_add_round_key	24	static
C:/Users/admin/Desktop/kopia_stm/STM32CubeU5/Projects/B-U585I-IOT02A/Applications/NetXDuo/Nx_MQTT_Client/Middlewares/ST/netxduo/crypto_libraries/src/nx_crypto_aes.c:514:28:_nx_crypto_aes_sub_shift_roundkey	40	static
C:/Users/admin/Desktop/kopia_stm/STM32CubeU5/Projects/B-U585I-IOT02A/Applications/NetXDuo/Nx_MQTT_Client/Middlewares/ST/netxduo/crypto_libraries/src/nx_crypto_aes.c:606:28:_nx_crypto_aes_inv_sub_shift_roundkey	40	static
C:/Users/admin/Desktop/kopia_stm/STM32CubeU5/Projects/B-U585I-IOT02A/Applications/NetXDuo/Nx_MQTT_Client/Middlewares/ST/netxduo/crypto_libraries/src/nx_crypto_aes.c:722:28:_nx_crypto_aes_encryption_round	56	static
C:/Users/admin/Desktop/kopia_stm/STM32CubeU5/Projects/B-U585I-IOT02A/Applications/NetXDuo/Nx_MQTT_Client/Middlewares/ST/netxduo/crypto_libraries/src/nx_crypto_aes.c:906:28:_nx_crypto_aes_decryption_round	64	static
C:/Users/admin/Desktop/kopia_stm/STM32CubeU5/Projects/B-U585I-IOT02A/Applications/NetXDuo/Nx_MQTT_Client/Middlewares/ST/netxduo/crypto_libraries/src/nx_crypto_aes.c:1051:21:_nx_crypto_aes_encrypt	40	static
C:/Users/admin/Desktop/kopia_stm/STM32CubeU5/Projects/B-U585I-IOT02A/Applications/NetXDuo/Nx_MQTT_Client/Middlewares/ST/netxduo/crypto_libraries/src/nx_crypto_aes.c:1179:28:_nx_crypto_aes_subword	24	static
C:/Users/admin/Desktop/kopia_stm/STM32CubeU5/Projects/B-U585I-IOT02A/Applications/NetXDuo/Nx_MQTT_Client/Middlewares/ST/netxduo/crypto_libraries/src/nx_crypto_aes.c:1230:28:_nx_crypto_aes_key_expansion	40	static
C:/Users/admin/Desktop/kopia_stm/STM32CubeU5/Projects/B-U585I-IOT02A/Applications/NetXDuo/Nx_MQTT_Client/Middlewares/ST/netxduo/crypto_libraries/src/nx_crypto_aes.c:1358:28:_nx_crypto_aes_key_expansion_inverse	56	static
C:/Users/admin/Desktop/kopia_stm/STM32CubeU5/Projects/B-U585I-IOT02A/Applications/NetXDuo/Nx_MQTT_Client/Middlewares/ST/netxduo/crypto_libraries/src/nx_crypto_aes.c:1509:21:_nx_crypto_aes_decrypt	48	static
C:/Users/admin/Desktop/kopia_stm/STM32CubeU5/Projects/B-U585I-IOT02A/Applications/NetXDuo/Nx_MQTT_Client/Middlewares/ST/netxduo/crypto_libraries/src/nx_crypto_aes.c:1658:21:_nx_crypto_aes_key_set	32	static
C:/Users/admin/Desktop/kopia_stm/STM32CubeU5/Projects/B-U585I-IOT02A/Applications/NetXDuo/Nx_MQTT_Client/Middlewares/ST/netxduo/crypto_libraries/src/nx_crypto_aes.c:1746:22:_nx_crypto_method_aes_init	24	static
C:/Users/admin/Desktop/kopia_stm/STM32CubeU5/Projects/B-U585I-IOT02A/Applications/NetXDuo/Nx_MQTT_Client/Middlewares/ST/netxduo/crypto_libraries/src/nx_crypto_aes.c:1827:22:_nx_crypto_method_aes_cleanup	16	static
C:/Users/admin/Desktop/kopia_stm/STM32CubeU5/Projects/B-U585I-IOT02A/Applications/NetXDuo/Nx_MQTT_Client/Middlewares/ST/netxduo/crypto_libraries/src/nx_crypto_aes.c:1905:22:_nx_crypto_method_aes_operation	72	static
C:/Users/admin/Desktop/kopia_stm/STM32CubeU5/Projects/B-U585I-IOT02A/Applications/NetXDuo/Nx_MQTT_Client/Middlewares/ST/netxduo/crypto_libraries/src/nx_crypto_aes.c:2052:22:_nx_crypto_method_aes_cbc_operation	48	static
C:/Users/admin/Desktop/kopia_stm/STM32CubeU5/Projects/B-U585I-IOT02A/Applications/NetXDuo/Nx_MQTT_Client/Middlewares/ST/netxduo/crypto_libraries/src/nx_crypto_aes.c:2231:22:_nx_crypto_method_aes_ccm_operation	64	static
C:/Users/admin/Desktop/kopia_stm/STM32CubeU5/Projects/B-U585I-IOT02A/Applications/NetXDuo/Nx_MQTT_Client/Middlewares/ST/netxduo/crypto_libraries/src/nx_crypto_aes.c:2530:22:_nx_crypto_method_aes_gcm_operation	56	static
C:/Users/admin/Desktop/kopia_stm/STM32CubeU5/Projects/B-U585I-IOT02A/Applications/NetXDuo/Nx_MQTT_Client/Middlewares/ST/netxduo/crypto_libraries/src/nx_crypto_aes.c:2827:22:_nx_crypto_method_aes_ctr_operation	48	static
C:/Users/admin/Desktop/kopia_stm/STM32CubeU5/Projects/B-U585I-IOT02A/Applications/NetXDuo/Nx_MQTT_Client/Middlewares/ST/netxduo/crypto_libraries/src/nx_crypto_aes.c:2979:22:_nx_crypto_method_aes_xcbc_operation	64	static
