C:/Users/admin/Desktop/kopia_stm/STM32CubeU5/Middlewares/ST/netxduo/common/drivers/wifi/mxchip/nx_driver_framework.c:131:13:nx_driver_framework_entry_default	16	static
C:/Users/admin/Desktop/kopia_stm/STM32CubeU5/Middlewares/ST/netxduo/common/drivers/wifi/mxchip/nx_driver_framework.c:293:13:nx_driver_interface_attach	16	static
C:/Users/admin/Desktop/kopia_stm/STM32CubeU5/Middlewares/ST/netxduo/common/drivers/wifi/mxchip/nx_driver_framework.c:351:14:nx_driver_initialize	32	static
C:/Users/admin/Desktop/kopia_stm/STM32CubeU5/Middlewares/ST/netxduo/common/drivers/wifi/mxchip/nx_driver_framework.c:463:13:nx_driver_enable	24	static
C:/Users/admin/Desktop/kopia_stm/STM32CubeU5/Middlewares/ST/netxduo/common/drivers/wifi/mxchip/nx_driver_framework.c:557:13:nx_driver_disable	24	static
C:/Users/admin/Desktop/kopia_stm/STM32CubeU5/Middlewares/ST/netxduo/common/drivers/wifi/mxchip/nx_driver_framework.c:643:13:nx_driver_packet_send	32	static
C:/Users/admin/Desktop/kopia_stm/STM32CubeU5/Middlewares/ST/netxduo/common/drivers/wifi/mxchip/nx_driver_framework.c:823:13:nx_driver_multicast_join	24	static
C:/Users/admin/Desktop/kopia_stm/STM32CubeU5/Middlewares/ST/netxduo/common/drivers/wifi/mxchip/nx_driver_framework.c:894:13:nx_driver_multicast_leave	24	static
C:/Users/admin/Desktop/kopia_stm/STM32CubeU5/Middlewares/ST/netxduo/common/drivers/wifi/mxchip/nx_driver_framework.c:964:13:nx_driver_get_status	24	static
C:/Users/admin/Desktop/kopia_stm/STM32CubeU5/Middlewares/ST/netxduo/common/drivers/wifi/mxchip/nx_driver_framework.c:1146:13:nx_driver_deferred_processing	40	static,ignoring_inline_asm
C:/Users/admin/Desktop/kopia_stm/STM32CubeU5/Middlewares/ST/netxduo/common/drivers/wifi/mxchip/nx_driver_framework.c:1232:13:nx_driver_transfer_to_netx	24	static
C:/Users/admin/Desktop/kopia_stm/STM32CubeU5/Middlewares/ST/netxduo/common/drivers/wifi/mxchip/nx_driver_framework.c:1356:13:nx_driver_update_hardware_address	24	static
C:/Users/admin/Desktop/kopia_stm/STM32CubeU5/Middlewares/ST/netxduo/common/drivers/wifi/mxchip/nx_driver_emw3080.c:60:6:nx_driver_emw3080_entry	16	static
C:/Users/admin/Desktop/kopia_stm/STM32CubeU5/Middlewares/ST/netxduo/common/drivers/wifi/mxchip/nx_driver_emw3080.c:80:6:nx_driver_emw3080_interrupt	16	static
C:/Users/admin/Desktop/kopia_stm/STM32CubeU5/Middlewares/ST/netxduo/common/drivers/wifi/mxchip/nx_driver_emw3080.c:101:13:_nx_driver_emw3080_initialize	16	static
C:/Users/admin/Desktop/kopia_stm/STM32CubeU5/Middlewares/ST/netxduo/common/drivers/wifi/mxchip/nx_driver_emw3080.c:139:6:_nx_driver_emw3080_enable	208	static
C:/Users/admin/Desktop/kopia_stm/STM32CubeU5/Middlewares/ST/netxduo/common/drivers/wifi/mxchip/nx_driver_emw3080.c:215:6:_nx_driver_emw3080_disable	16	static
C:/Users/admin/Desktop/kopia_stm/STM32CubeU5/Middlewares/ST/netxduo/common/drivers/wifi/mxchip/nx_driver_emw3080.c:235:6:_nx_driver_emw3080_packet_send	24	static
C:/Users/admin/Desktop/kopia_stm/STM32CubeU5/Middlewares/ST/netxduo/common/drivers/wifi/mxchip/nx_driver_emw3080.c:283:13:_nx_netlink_input_callback	24	static
C:/Users/admin/Desktop/kopia_stm/STM32CubeU5/Middlewares/ST/netxduo/common/drivers/wifi/mxchip/nx_driver_emw3080.c:304:13:_nx_driver_emw3080_packet_received	8	static
C:/Users/admin/Desktop/kopia_stm/STM32CubeU5/Middlewares/ST/netxduo/common/drivers/wifi/mxchip/nx_driver_emw3080.c:310:13:_nx_driver_emw3080_interface_status	24	static
C:/Users/admin/Desktop/kopia_stm/STM32CubeU5/Middlewares/ST/netxduo/common/drivers/wifi/mxchip/nx_driver_emw3080.c:324:13:_nx_mx_wifi_status_changed	16	static
