C:/Users/admin/Desktop/kopia_stm/STM32CubeU5/Projects/B-U585I-IOT02A/Applications/NetXDuo/Nx_MQTT_Client/Middlewares/ST/netxduo/addons/mqtt/nxd_mqtt_client.c:113:6:_nxd_mqtt_client_set_fixed_header	56	static
C:/Users/admin/Desktop/kopia_stm/STM32CubeU5/Projects/B-U585I-IOT02A/Applications/NetXDuo/Nx_MQTT_Client/Middlewares/ST/netxduo/addons/mqtt/nxd_mqtt_client.c:195:6:_nxd_mqtt_read_remaining_length	56	static
C:/Users/admin/Desktop/kopia_stm/STM32CubeU5/Projects/B-U585I-IOT02A/Applications/NetXDuo/Nx_MQTT_Client/Middlewares/ST/netxduo/addons/mqtt/nxd_mqtt_client.c:316:6:_nxd_mqtt_client_sub_unsub	56	static
C:/Users/admin/Desktop/kopia_stm/STM32CubeU5/Projects/B-U585I-IOT02A/Applications/NetXDuo/Nx_MQTT_Client/Middlewares/ST/netxduo/addons/mqtt/nxd_mqtt_client.c:550:6:_nxd_mqtt_client_packet_allocate	32	static
C:/Users/admin/Desktop/kopia_stm/STM32CubeU5/Projects/B-U585I-IOT02A/Applications/NetXDuo/Nx_MQTT_Client/Middlewares/ST/netxduo/addons/mqtt/nxd_mqtt_client.c:638:13:_nxd_mqtt_packet_send	32	static
C:/Users/admin/Desktop/kopia_stm/STM32CubeU5/Projects/B-U585I-IOT02A/Applications/NetXDuo/Nx_MQTT_Client/Middlewares/ST/netxduo/addons/mqtt/nxd_mqtt_client.c:705:13:_nxd_mqtt_packet_receive	32	static
C:/Users/admin/Desktop/kopia_stm/STM32CubeU5/Projects/B-U585I-IOT02A/Applications/NetXDuo/Nx_MQTT_Client/Middlewares/ST/netxduo/addons/mqtt/nxd_mqtt_client.c:780:13:_nxd_mqtt_tcp_establish_notify	24	static
C:/Users/admin/Desktop/kopia_stm/STM32CubeU5/Projects/B-U585I-IOT02A/Applications/NetXDuo/Nx_MQTT_Client/Middlewares/ST/netxduo/addons/mqtt/nxd_mqtt_client.c:843:13:_nxd_mqtt_receive_callback	24	static
C:/Users/admin/Desktop/kopia_stm/STM32CubeU5/Projects/B-U585I-IOT02A/Applications/NetXDuo/Nx_MQTT_Client/Middlewares/ST/netxduo/addons/mqtt/nxd_mqtt_client.c:915:13:_nxd_mqtt_copy_transmit_packet	32	static
C:/Users/admin/Desktop/kopia_stm/STM32CubeU5/Projects/B-U585I-IOT02A/Applications/NetXDuo/Nx_MQTT_Client/Middlewares/ST/netxduo/addons/mqtt/nxd_mqtt_client.c:1008:13:_nxd_mqtt_release_transmit_packet	24	static
C:/Users/admin/Desktop/kopia_stm/STM32CubeU5/Projects/B-U585I-IOT02A/Applications/NetXDuo/Nx_MQTT_Client/Middlewares/ST/netxduo/addons/mqtt/nxd_mqtt_client.c:1079:13:_nxd_mqtt_release_receive_packet	24	static
C:/Users/admin/Desktop/kopia_stm/STM32CubeU5/Projects/B-U585I-IOT02A/Applications/NetXDuo/Nx_MQTT_Client/Middlewares/ST/netxduo/addons/mqtt/nxd_mqtt_client.c:1147:13:_nxd_mqtt_process_connack	32	static
C:/Users/admin/Desktop/kopia_stm/STM32CubeU5/Projects/B-U585I-IOT02A/Applications/NetXDuo/Nx_MQTT_Client/Middlewares/ST/netxduo/addons/mqtt/nxd_mqtt_client.c:1287:6:_nxd_mqtt_process_publish_packet	56	static
C:/Users/admin/Desktop/kopia_stm/STM32CubeU5/Projects/B-U585I-IOT02A/Applications/NetXDuo/Nx_MQTT_Client/Middlewares/ST/netxduo/addons/mqtt/nxd_mqtt_client.c:1405:13:_nxd_mqtt_process_publish	80	static
C:/Users/admin/Desktop/kopia_stm/STM32CubeU5/Projects/B-U585I-IOT02A/Applications/NetXDuo/Nx_MQTT_Client/Middlewares/ST/netxduo/addons/mqtt/nxd_mqtt_client.c:1662:13:_nxd_mqtt_process_publish_response	64	static
C:/Users/admin/Desktop/kopia_stm/STM32CubeU5/Projects/B-U585I-IOT02A/Applications/NetXDuo/Nx_MQTT_Client/Middlewares/ST/netxduo/addons/mqtt/nxd_mqtt_client.c:1848:13:_nxd_mqtt_process_sub_unsub_ack	64	static
C:/Users/admin/Desktop/kopia_stm/STM32CubeU5/Projects/B-U585I-IOT02A/Applications/NetXDuo/Nx_MQTT_Client/Middlewares/ST/netxduo/addons/mqtt/nxd_mqtt_client.c:1990:13:_nxd_mqtt_process_pingresp	16	static
C:/Users/admin/Desktop/kopia_stm/STM32CubeU5/Projects/B-U585I-IOT02A/Applications/NetXDuo/Nx_MQTT_Client/Middlewares/ST/netxduo/addons/mqtt/nxd_mqtt_client.c:2051:13:_nxd_mqtt_process_disconnect	40	static
C:/Users/admin/Desktop/kopia_stm/STM32CubeU5/Projects/B-U585I-IOT02A/Applications/NetXDuo/Nx_MQTT_Client/Middlewares/ST/netxduo/addons/mqtt/nxd_mqtt_client.c:2205:13:_nxd_mqtt_packet_receive_process	64	static
C:/Users/admin/Desktop/kopia_stm/STM32CubeU5/Projects/B-U585I-IOT02A/Applications/NetXDuo/Nx_MQTT_Client/Middlewares/ST/netxduo/addons/mqtt/nxd_mqtt_client.c:2468:13:_nxd_mqtt_tcp_establish_process	24	static
C:/Users/admin/Desktop/kopia_stm/STM32CubeU5/Projects/B-U585I-IOT02A/Applications/NetXDuo/Nx_MQTT_Client/Middlewares/ST/netxduo/addons/mqtt/nxd_mqtt_client.c:2597:13:_nxd_mqtt_tls_establish_process	24	static
C:/Users/admin/Desktop/kopia_stm/STM32CubeU5/Projects/B-U585I-IOT02A/Applications/NetXDuo/Nx_MQTT_Client/Middlewares/ST/netxduo/addons/mqtt/nxd_mqtt_client.c:2703:6:_nxd_mqtt_client_append_message	40	static
C:/Users/admin/Desktop/kopia_stm/STM32CubeU5/Projects/B-U585I-IOT02A/Applications/NetXDuo/Nx_MQTT_Client/Middlewares/ST/netxduo/addons/mqtt/nxd_mqtt_client.c:2778:6:_nxd_mqtt_client_connection_end	16	static
C:/Users/admin/Desktop/kopia_stm/STM32CubeU5/Projects/B-U585I-IOT02A/Applications/NetXDuo/Nx_MQTT_Client/Middlewares/ST/netxduo/addons/mqtt/nxd_mqtt_client.c:2863:13:_nxd_mqtt_periodic_timer_entry	32	static
C:/Users/admin/Desktop/kopia_stm/STM32CubeU5/Projects/B-U585I-IOT02A/Applications/NetXDuo/Nx_MQTT_Client/Middlewares/ST/netxduo/addons/mqtt/nxd_mqtt_client.c:2953:13:_nxd_mqtt_client_event_process	32	static
C:/Users/admin/Desktop/kopia_stm/STM32CubeU5/Projects/B-U585I-IOT02A/Applications/NetXDuo/Nx_MQTT_Client/Middlewares/ST/netxduo/addons/mqtt/nxd_mqtt_client.c:3097:13:_nxd_mqtt_thread_entry	32	static
C:/Users/admin/Desktop/kopia_stm/STM32CubeU5/Projects/B-U585I-IOT02A/Applications/NetXDuo/Nx_MQTT_Client/Middlewares/ST/netxduo/addons/mqtt/nxd_mqtt_client.c:3165:13:_mqtt_client_disconnect_callback	24	static
C:/Users/admin/Desktop/kopia_stm/STM32CubeU5/Projects/B-U585I-IOT02A/Applications/NetXDuo/Nx_MQTT_Client/Middlewares/ST/netxduo/addons/mqtt/nxd_mqtt_client.c:3233:6:_nxd_mqtt_client_create	56	static
C:/Users/admin/Desktop/kopia_stm/STM32CubeU5/Projects/B-U585I-IOT02A/Applications/NetXDuo/Nx_MQTT_Client/Middlewares/ST/netxduo/addons/mqtt/nxd_mqtt_client.c:3365:13:_nxd_mqtt_client_create_internal	64	static
C:/Users/admin/Desktop/kopia_stm/STM32CubeU5/Projects/B-U585I-IOT02A/Applications/NetXDuo/Nx_MQTT_Client/Middlewares/ST/netxduo/addons/mqtt/nxd_mqtt_client.c:3501:6:_nxd_mqtt_client_login_set	32	static
C:/Users/admin/Desktop/kopia_stm/STM32CubeU5/Projects/B-U585I-IOT02A/Applications/NetXDuo/Nx_MQTT_Client/Middlewares/ST/netxduo/addons/mqtt/nxd_mqtt_client.c:3578:6:_nxd_mqtt_client_will_message_set	32	static
C:/Users/admin/Desktop/kopia_stm/STM32CubeU5/Projects/B-U585I-IOT02A/Applications/NetXDuo/Nx_MQTT_Client/Middlewares/ST/netxduo/addons/mqtt/nxd_mqtt_client.c:3667:6:_nxde_mqtt_client_will_message_set	40	static
C:/Users/admin/Desktop/kopia_stm/STM32CubeU5/Projects/B-U585I-IOT02A/Applications/NetXDuo/Nx_MQTT_Client/Middlewares/ST/netxduo/addons/mqtt/nxd_mqtt_client.c:3745:6:_nxde_mqtt_client_login_set	32	static
C:/Users/admin/Desktop/kopia_stm/STM32CubeU5/Projects/B-U585I-IOT02A/Applications/NetXDuo/Nx_MQTT_Client/Middlewares/ST/netxduo/addons/mqtt/nxd_mqtt_client.c:3815:13:_nxd_mqtt_client_retransmit_message	40	static
C:/Users/admin/Desktop/kopia_stm/STM32CubeU5/Projects/B-U585I-IOT02A/Applications/NetXDuo/Nx_MQTT_Client/Middlewares/ST/netxduo/addons/mqtt/nxd_mqtt_client.c:3956:6:_nxd_mqtt_client_connect	80	static
C:/Users/admin/Desktop/kopia_stm/STM32CubeU5/Projects/B-U585I-IOT02A/Applications/NetXDuo/Nx_MQTT_Client/Middlewares/ST/netxduo/addons/mqtt/nxd_mqtt_client.c:4293:6:_nxd_mqtt_client_connect_packet_send	56	static
C:/Users/admin/Desktop/kopia_stm/STM32CubeU5/Projects/B-U585I-IOT02A/Applications/NetXDuo/Nx_MQTT_Client/Middlewares/ST/netxduo/addons/mqtt/nxd_mqtt_client.c:4536:6:_nxd_mqtt_client_secure_connect	48	static
C:/Users/admin/Desktop/kopia_stm/STM32CubeU5/Projects/B-U585I-IOT02A/Applications/NetXDuo/Nx_MQTT_Client/Middlewares/ST/netxduo/addons/mqtt/nxd_mqtt_client.c:4611:6:_nxd_mqtt_client_delete	16	static
C:/Users/admin/Desktop/kopia_stm/STM32CubeU5/Projects/B-U585I-IOT02A/Applications/NetXDuo/Nx_MQTT_Client/Middlewares/ST/netxduo/addons/mqtt/nxd_mqtt_client.c:4707:6:_nxd_mqtt_client_publish_packet_send	48	static
C:/Users/admin/Desktop/kopia_stm/STM32CubeU5/Projects/B-U585I-IOT02A/Applications/NetXDuo/Nx_MQTT_Client/Middlewares/ST/netxduo/addons/mqtt/nxd_mqtt_client.c:4842:6:_nxd_mqtt_client_publish	56	static
C:/Users/admin/Desktop/kopia_stm/STM32CubeU5/Projects/B-U585I-IOT02A/Applications/NetXDuo/Nx_MQTT_Client/Middlewares/ST/netxduo/addons/mqtt/nxd_mqtt_client.c:5045:6:_nxd_mqtt_client_subscribe	32	static
C:/Users/admin/Desktop/kopia_stm/STM32CubeU5/Projects/B-U585I-IOT02A/Applications/NetXDuo/Nx_MQTT_Client/Middlewares/ST/netxduo/addons/mqtt/nxd_mqtt_client.c:5107:6:_nxd_mqtt_client_unsubscribe	32	static
C:/Users/admin/Desktop/kopia_stm/STM32CubeU5/Projects/B-U585I-IOT02A/Applications/NetXDuo/Nx_MQTT_Client/Middlewares/ST/netxduo/addons/mqtt/nxd_mqtt_client.c:5170:13:_nxd_mqtt_send_simple_message	32	static
C:/Users/admin/Desktop/kopia_stm/STM32CubeU5/Projects/B-U585I-IOT02A/Applications/NetXDuo/Nx_MQTT_Client/Middlewares/ST/netxduo/addons/mqtt/nxd_mqtt_client.c:5280:6:_nxd_mqtt_client_disconnect	24	static
C:/Users/admin/Desktop/kopia_stm/STM32CubeU5/Projects/B-U585I-IOT02A/Applications/NetXDuo/Nx_MQTT_Client/Middlewares/ST/netxduo/addons/mqtt/nxd_mqtt_client.c:5357:6:_nxd_mqtt_client_receive_notify_set	16	static
C:/Users/admin/Desktop/kopia_stm/STM32CubeU5/Projects/B-U585I-IOT02A/Applications/NetXDuo/Nx_MQTT_Client/Middlewares/ST/netxduo/addons/mqtt/nxd_mqtt_client.c:5426:6:_nxd_mqtt_client_message_get	56	static
C:/Users/admin/Desktop/kopia_stm/STM32CubeU5/Projects/B-U585I-IOT02A/Applications/NetXDuo/Nx_MQTT_Client/Middlewares/ST/netxduo/addons/mqtt/nxd_mqtt_client.c:5531:6:_nxde_mqtt_client_create	56	static
C:/Users/admin/Desktop/kopia_stm/STM32CubeU5/Projects/B-U585I-IOT02A/Applications/NetXDuo/Nx_MQTT_Client/Middlewares/ST/netxduo/addons/mqtt/nxd_mqtt_client.c:5600:6:_nxde_mqtt_client_connect	40	static
C:/Users/admin/Desktop/kopia_stm/STM32CubeU5/Projects/B-U585I-IOT02A/Applications/NetXDuo/Nx_MQTT_Client/Middlewares/ST/netxduo/addons/mqtt/nxd_mqtt_client.c:5685:6:_nxde_mqtt_client_secure_connect	48	static
C:/Users/admin/Desktop/kopia_stm/STM32CubeU5/Projects/B-U585I-IOT02A/Applications/NetXDuo/Nx_MQTT_Client/Middlewares/ST/netxduo/addons/mqtt/nxd_mqtt_client.c:5757:6:_nxde_mqtt_client_delete	24	static
C:/Users/admin/Desktop/kopia_stm/STM32CubeU5/Projects/B-U585I-IOT02A/Applications/NetXDuo/Nx_MQTT_Client/Middlewares/ST/netxduo/addons/mqtt/nxd_mqtt_client.c:5823:6:_nxde_mqtt_client_publish	40	static
C:/Users/admin/Desktop/kopia_stm/STM32CubeU5/Projects/B-U585I-IOT02A/Applications/NetXDuo/Nx_MQTT_Client/Middlewares/ST/netxduo/addons/mqtt/nxd_mqtt_client.c:5903:6:_nxde_mqtt_client_subscribe	24	static
C:/Users/admin/Desktop/kopia_stm/STM32CubeU5/Projects/B-U585I-IOT02A/Applications/NetXDuo/Nx_MQTT_Client/Middlewares/ST/netxduo/addons/mqtt/nxd_mqtt_client.c:5974:6:_nxde_mqtt_client_unsubscribe	24	static
C:/Users/admin/Desktop/kopia_stm/STM32CubeU5/Projects/B-U585I-IOT02A/Applications/NetXDuo/Nx_MQTT_Client/Middlewares/ST/netxduo/addons/mqtt/nxd_mqtt_client.c:6033:6:_nxde_mqtt_client_disconnect	16	static
C:/Users/admin/Desktop/kopia_stm/STM32CubeU5/Projects/B-U585I-IOT02A/Applications/NetXDuo/Nx_MQTT_Client/Middlewares/ST/netxduo/addons/mqtt/nxd_mqtt_client.c:6096:6:_nxde_mqtt_client_message_get	40	static
C:/Users/admin/Desktop/kopia_stm/STM32CubeU5/Projects/B-U585I-IOT02A/Applications/NetXDuo/Nx_MQTT_Client/Middlewares/ST/netxduo/addons/mqtt/nxd_mqtt_client.c:6165:6:_nxde_mqtt_client_receive_notify_set	16	static
C:/Users/admin/Desktop/kopia_stm/STM32CubeU5/Projects/B-U585I-IOT02A/Applications/NetXDuo/Nx_MQTT_Client/Middlewares/ST/netxduo/addons/mqtt/nxd_mqtt_client.c:6227:6:_nxd_mqtt_client_disconnect_notify_set	16	static
C:/Users/admin/Desktop/kopia_stm/STM32CubeU5/Projects/B-U585I-IOT02A/Applications/NetXDuo/Nx_MQTT_Client/Middlewares/ST/netxduo/addons/mqtt/nxd_mqtt_client.c:6279:6:_nxde_mqtt_client_disconnect_notify_set	16	static
