C:/Users/admin/Desktop/kopia_stm/STM32CubeU5/Projects/B-U585I-IOT02A/Applications/NetXDuo/Nx_MQTT_Client/Core/Src/main.c:82:6:HAL_GPIO_EXTI_Rising_Callback	16	static
C:/Users/admin/Desktop/kopia_stm/STM32CubeU5/Projects/B-U585I-IOT02A/Applications/NetXDuo/Nx_MQTT_Client/Core/Src/main.c:106:6:Success_Handler	8	static
C:/Users/admin/Desktop/kopia_stm/STM32CubeU5/Projects/B-U585I-IOT02A/Applications/NetXDuo/Nx_MQTT_Client/Core/Src/main.c:121:5:main	8	static
C:/Users/admin/Desktop/kopia_stm/STM32CubeU5/Projects/B-U585I-IOT02A/Applications/NetXDuo/Nx_MQTT_Client/Core/Src/main.c:176:6:SystemClock_Config	128	static
C:/Users/admin/Desktop/kopia_stm/STM32CubeU5/Projects/B-U585I-IOT02A/Applications/NetXDuo/Nx_MQTT_Client/Core/Src/main.c:230:13:SystemPower_Config	8	static
C:/Users/admin/Desktop/kopia_stm/STM32CubeU5/Projects/B-U585I-IOT02A/Applications/NetXDuo/Nx_MQTT_Client/Core/Src/main.c:255:13:MX_ICACHE_Init	8	static
C:/Users/admin/Desktop/kopia_stm/STM32CubeU5/Projects/B-U585I-IOT02A/Applications/NetXDuo/Nx_MQTT_Client/Core/Src/main.c:287:13:MX_RNG_Init	8	static
C:/Users/admin/Desktop/kopia_stm/STM32CubeU5/Projects/B-U585I-IOT02A/Applications/NetXDuo/Nx_MQTT_Client/Core/Src/main.c:314:13:MX_SPI2_Init	24	static
C:/Users/admin/Desktop/kopia_stm/STM32CubeU5/Projects/B-U585I-IOT02A/Applications/NetXDuo/Nx_MQTT_Client/Core/Src/main.c:371:13:MX_USART1_UART_Init	8	static
C:/Users/admin/Desktop/kopia_stm/STM32CubeU5/Projects/B-U585I-IOT02A/Applications/NetXDuo/Nx_MQTT_Client/Core/Src/main.c:419:13:MX_GPIO_Init	56	static
C:/Users/admin/Desktop/kopia_stm/STM32CubeU5/Projects/B-U585I-IOT02A/Applications/NetXDuo/Nx_MQTT_Client/Core/Src/main.c:512:1:__io_putchar	16	static
C:/Users/admin/Desktop/kopia_stm/STM32CubeU5/Projects/B-U585I-IOT02A/Applications/NetXDuo/Nx_MQTT_Client/Core/Src/main.c:530:6:HAL_TIM_PeriodElapsedCallback	16	static
C:/Users/admin/Desktop/kopia_stm/STM32CubeU5/Projects/B-U585I-IOT02A/Applications/NetXDuo/Nx_MQTT_Client/Core/Src/main.c:548:6:Error_Handler	8	static
